Archive member included to satisfy reference by file (symbol)

c:/program files (x86)/atmel/studio/7.0/toolchain/avr8/avr8-gnu-toolchain/bin/../lib/gcc/avr/5.4.0/avr5\libgcc.a(_exit.o)
                              C:/Program Files (x86)/Atmel/Studio/7.0/Packs/atmel/ATmega_DFP/1.7.374/gcc/dev/atmega32/avr5/crtatmega32.o (exit)
c:/program files (x86)/atmel/studio/7.0/toolchain/avr8/avr8-gnu-toolchain/bin/../lib/gcc/avr/5.4.0/avr5\libgcc.a(_clear_bss.o)
                              APPLICATION/Application.o (__do_clear_bss)

Allocating common symbols
Common symbol       size              file

PIN_VALUE           0x1               HAL/Button/Button.o

Discarded input sections

 .data          0x00000000        0x0 C:/Program Files (x86)/Atmel/Studio/7.0/Packs/atmel/ATmega_DFP/1.7.374/gcc/dev/atmega32/avr5/crtatmega32.o
 .bss           0x00000000        0x0 C:/Program Files (x86)/Atmel/Studio/7.0/Packs/atmel/ATmega_DFP/1.7.374/gcc/dev/atmega32/avr5/crtatmega32.o
 .text          0x00000000        0x0 APPLICATION/Application.o
 .data          0x00000000        0x0 APPLICATION/Application.o
 .bss           0x00000000        0x0 APPLICATION/Application.o
 .bss.counter   0x00000000        0x1 APPLICATION/Application.o
 .text          0x00000000        0x0 HAL/Button/Button.o
 .data          0x00000000        0x0 HAL/Button/Button.o
 .bss           0x00000000        0x0 HAL/Button/Button.o
 .text.BUTTON_READ
                0x00000000        0xe HAL/Button/Button.o
 COMMON         0x00000000        0x1 HAL/Button/Button.o
 .text          0x00000000        0x0 HAL/LED/LED.o
 .data          0x00000000        0x0 HAL/LED/LED.o
 .bss           0x00000000        0x0 HAL/LED/LED.o
 .text          0x00000000        0x0 main.o
 .data          0x00000000        0x0 main.o
 .bss           0x00000000        0x0 main.o
 .text          0x00000000        0x0 MCAL/DIO/DIO_Program.o
 .data          0x00000000        0x0 MCAL/DIO/DIO_Program.o
 .bss           0x00000000        0x0 MCAL/DIO/DIO_Program.o
 .text.DIO_u8SetPortDirection
                0x00000000       0x22 MCAL/DIO/DIO_Program.o
 .text.DIO_u8SetPortValue
                0x00000000       0x22 MCAL/DIO/DIO_Program.o
 .text.DIO_u8GetPinValue
                0x00000000       0x86 MCAL/DIO/DIO_Program.o
 .text          0x00000000        0x0 MCAL/EXTI/EXTI_Program.o
 .data          0x00000000        0x0 MCAL/EXTI/EXTI_Program.o
 .bss           0x00000000        0x0 MCAL/EXTI/EXTI_Program.o
 .text          0x00000000        0x0 MCAL/GIE/GIE_Program.o
 .data          0x00000000        0x0 MCAL/GIE/GIE_Program.o
 .bss           0x00000000        0x0 MCAL/GIE/GIE_Program.o
 .text.GIE_voidDisable
                0x00000000        0x8 MCAL/GIE/GIE_Program.o
 .text          0x00000000        0x0 MCAL/TIMER/TIMER.o
 .data          0x00000000        0x0 MCAL/TIMER/TIMER.o
 .bss           0x00000000        0x0 MCAL/TIMER/TIMER.o
 .text          0x00000000        0x0 c:/program files (x86)/atmel/studio/7.0/toolchain/avr8/avr8-gnu-toolchain/bin/../lib/gcc/avr/5.4.0/avr5\libgcc.a(_exit.o)
 .data          0x00000000        0x0 c:/program files (x86)/atmel/studio/7.0/toolchain/avr8/avr8-gnu-toolchain/bin/../lib/gcc/avr/5.4.0/avr5\libgcc.a(_exit.o)
 .bss           0x00000000        0x0 c:/program files (x86)/atmel/studio/7.0/toolchain/avr8/avr8-gnu-toolchain/bin/../lib/gcc/avr/5.4.0/avr5\libgcc.a(_exit.o)
 .text.libgcc.mul
                0x00000000        0x0 c:/program files (x86)/atmel/studio/7.0/toolchain/avr8/avr8-gnu-toolchain/bin/../lib/gcc/avr/5.4.0/avr5\libgcc.a(_exit.o)
 .text.libgcc.div
                0x00000000        0x0 c:/program files (x86)/atmel/studio/7.0/toolchain/avr8/avr8-gnu-toolchain/bin/../lib/gcc/avr/5.4.0/avr5\libgcc.a(_exit.o)
 .text.libgcc   0x00000000        0x0 c:/program files (x86)/atmel/studio/7.0/toolchain/avr8/avr8-gnu-toolchain/bin/../lib/gcc/avr/5.4.0/avr5\libgcc.a(_exit.o)
 .text.libgcc.prologue
                0x00000000        0x0 c:/program files (x86)/atmel/studio/7.0/toolchain/avr8/avr8-gnu-toolchain/bin/../lib/gcc/avr/5.4.0/avr5\libgcc.a(_exit.o)
 .text.libgcc.builtins
                0x00000000        0x0 c:/program files (x86)/atmel/studio/7.0/toolchain/avr8/avr8-gnu-toolchain/bin/../lib/gcc/avr/5.4.0/avr5\libgcc.a(_exit.o)
 .text.libgcc.fmul
                0x00000000        0x0 c:/program files (x86)/atmel/studio/7.0/toolchain/avr8/avr8-gnu-toolchain/bin/../lib/gcc/avr/5.4.0/avr5\libgcc.a(_exit.o)
 .text.libgcc.fixed
                0x00000000        0x0 c:/program files (x86)/atmel/studio/7.0/toolchain/avr8/avr8-gnu-toolchain/bin/../lib/gcc/avr/5.4.0/avr5\libgcc.a(_exit.o)
 .text          0x00000000        0x0 c:/program files (x86)/atmel/studio/7.0/toolchain/avr8/avr8-gnu-toolchain/bin/../lib/gcc/avr/5.4.0/avr5\libgcc.a(_clear_bss.o)
 .data          0x00000000        0x0 c:/program files (x86)/atmel/studio/7.0/toolchain/avr8/avr8-gnu-toolchain/bin/../lib/gcc/avr/5.4.0/avr5\libgcc.a(_clear_bss.o)
 .bss           0x00000000        0x0 c:/program files (x86)/atmel/studio/7.0/toolchain/avr8/avr8-gnu-toolchain/bin/../lib/gcc/avr/5.4.0/avr5\libgcc.a(_clear_bss.o)
 .text.libgcc.mul
                0x00000000        0x0 c:/program files (x86)/atmel/studio/7.0/toolchain/avr8/avr8-gnu-toolchain/bin/../lib/gcc/avr/5.4.0/avr5\libgcc.a(_clear_bss.o)
 .text.libgcc.div
                0x00000000        0x0 c:/program files (x86)/atmel/studio/7.0/toolchain/avr8/avr8-gnu-toolchain/bin/../lib/gcc/avr/5.4.0/avr5\libgcc.a(_clear_bss.o)
 .text.libgcc   0x00000000        0x0 c:/program files (x86)/atmel/studio/7.0/toolchain/avr8/avr8-gnu-toolchain/bin/../lib/gcc/avr/5.4.0/avr5\libgcc.a(_clear_bss.o)
 .text.libgcc.prologue
                0x00000000        0x0 c:/program files (x86)/atmel/studio/7.0/toolchain/avr8/avr8-gnu-toolchain/bin/../lib/gcc/avr/5.4.0/avr5\libgcc.a(_clear_bss.o)
 .text.libgcc.builtins
                0x00000000        0x0 c:/program files (x86)/atmel/studio/7.0/toolchain/avr8/avr8-gnu-toolchain/bin/../lib/gcc/avr/5.4.0/avr5\libgcc.a(_clear_bss.o)
 .text.libgcc.fmul
                0x00000000        0x0 c:/program files (x86)/atmel/studio/7.0/toolchain/avr8/avr8-gnu-toolchain/bin/../lib/gcc/avr/5.4.0/avr5\libgcc.a(_clear_bss.o)
 .text.libgcc.fixed
                0x00000000        0x0 c:/program files (x86)/atmel/studio/7.0/toolchain/avr8/avr8-gnu-toolchain/bin/../lib/gcc/avr/5.4.0/avr5\libgcc.a(_clear_bss.o)

Memory Configuration

Name             Origin             Length             Attributes
text             0x00000000         0x00008000         xr
data             0x00800060         0x00000800         rw !x
eeprom           0x00810000         0x00000400         rw !x
fuse             0x00820000         0x00000002         rw !x
lock             0x00830000         0x00000400         rw !x
signature        0x00840000         0x00000400         rw !x
user_signatures  0x00850000         0x00000400         rw !x
*default*        0x00000000         0xffffffff

Linker script and memory map

LOAD C:/Program Files (x86)/Atmel/Studio/7.0/Packs/atmel/ATmega_DFP/1.7.374/gcc/dev/atmega32/avr5/crtatmega32.o
LOAD APPLICATION/Application.o
LOAD HAL/Button/Button.o
LOAD HAL/LED/LED.o
LOAD main.o
LOAD MCAL/DIO/DIO_Program.o
LOAD MCAL/EXTI/EXTI_Program.o
LOAD MCAL/GIE/GIE_Program.o
LOAD MCAL/TIMER/TIMER.o
START GROUP
LOAD c:/program files (x86)/atmel/studio/7.0/toolchain/avr8/avr8-gnu-toolchain/bin/../lib/gcc/avr/5.4.0/../../../../avr/lib/avr5\libm.a
END GROUP
START GROUP
LOAD c:/program files (x86)/atmel/studio/7.0/toolchain/avr8/avr8-gnu-toolchain/bin/../lib/gcc/avr/5.4.0/avr5\libgcc.a
LOAD c:/program files (x86)/atmel/studio/7.0/toolchain/avr8/avr8-gnu-toolchain/bin/../lib/gcc/avr/5.4.0/../../../../avr/lib/avr5\libm.a
LOAD c:/program files (x86)/atmel/studio/7.0/toolchain/avr8/avr8-gnu-toolchain/bin/../lib/gcc/avr/5.4.0/../../../../avr/lib/avr5\libc.a
LOAD C:/Program Files (x86)/Atmel/Studio/7.0/Packs/atmel/ATmega_DFP/1.7.374/gcc/dev/atmega32/avr5\libatmega32.a
END GROUP
                0x00000000                __TEXT_REGION_ORIGIN__ = DEFINED (__TEXT_REGION_ORIGIN__)?__TEXT_REGION_ORIGIN__:0x0
                [0x00800060]                __DATA_REGION_ORIGIN__ = DEFINED (__DATA_REGION_ORIGIN__)?__DATA_REGION_ORIGIN__:0x800060
                [0x00008000]                __TEXT_REGION_LENGTH__ = DEFINED (__TEXT_REGION_LENGTH__)?__TEXT_REGION_LENGTH__:0x20000
                [0x00000800]                __DATA_REGION_LENGTH__ = DEFINED (__DATA_REGION_LENGTH__)?__DATA_REGION_LENGTH__:0xffa0
                [0x00000400]                __EEPROM_REGION_LENGTH__ = DEFINED (__EEPROM_REGION_LENGTH__)?__EEPROM_REGION_LENGTH__:0x10000
                [0x00000002]                __FUSE_REGION_LENGTH__ = DEFINED (__FUSE_REGION_LENGTH__)?__FUSE_REGION_LENGTH__:0x400
                0x00000400                __LOCK_REGION_LENGTH__ = DEFINED (__LOCK_REGION_LENGTH__)?__LOCK_REGION_LENGTH__:0x400
                0x00000400                __SIGNATURE_REGION_LENGTH__ = DEFINED (__SIGNATURE_REGION_LENGTH__)?__SIGNATURE_REGION_LENGTH__:0x400
                0x00000400                __USER_SIGNATURE_REGION_LENGTH__ = DEFINED (__USER_SIGNATURE_REGION_LENGTH__)?__USER_SIGNATURE_REGION_LENGTH__:0x400

.hash
 *(.hash)

.dynsym
 *(.dynsym)

.dynstr
 *(.dynstr)

.gnu.version
 *(.gnu.version)

.gnu.version_d
 *(.gnu.version_d)

.gnu.version_r
 *(.gnu.version_r)

.rel.init
 *(.rel.init)

.rela.init
 *(.rela.init)

.rel.text
 *(.rel.text)
 *(.rel.text.*)
 *(.rel.gnu.linkonce.t*)

.rela.text
 *(.rela.text)
 *(.rela.text.*)
 *(.rela.gnu.linkonce.t*)

.rel.fini
 *(.rel.fini)

.rela.fini
 *(.rela.fini)

.rel.rodata
 *(.rel.rodata)
 *(.rel.rodata.*)
 *(.rel.gnu.linkonce.r*)

.rela.rodata
 *(.rela.rodata)
 *(.rela.rodata.*)
 *(.rela.gnu.linkonce.r*)

.rel.data
 *(.rel.data)
 *(.rel.data.*)
 *(.rel.gnu.linkonce.d*)

.rela.data
 *(.rela.data)
 *(.rela.data.*)
 *(.rela.gnu.linkonce.d*)

.rel.ctors
 *(.rel.ctors)

.rela.ctors
 *(.rela.ctors)

.rel.dtors
 *(.rel.dtors)

.rela.dtors
 *(.rela.dtors)

.rel.got
 *(.rel.got)

.rela.got
 *(.rela.got)

.rel.bss
 *(.rel.bss)

.rela.bss
 *(.rela.bss)

.rel.plt
 *(.rel.plt)

.rela.plt
 *(.rela.plt)

.text           0x00000000      0x704
 *(.vectors)
 .vectors       0x00000000       0x54 C:/Program Files (x86)/Atmel/Studio/7.0/Packs/atmel/ATmega_DFP/1.7.374/gcc/dev/atmega32/avr5/crtatmega32.o
                0x00000000                __vector_default
                0x00000000                __vectors
 *(.vectors)
 *(.progmem.gcc*)
                0x00000054                . = ALIGN (0x2)
                0x00000054                __trampolines_start = .
 *(.trampolines)
 .trampolines   0x00000054        0x0 linker stubs
 *(.trampolines*)
                0x00000054                __trampolines_end = .
 *libprintf_flt.a:*(.progmem.data)
 *libc.a:*(.progmem.data)
 *(.progmem*)
                0x00000054                . = ALIGN (0x2)
 *(.jumptables)
 *(.jumptables*)
 *(.lowtext)
 *(.lowtext*)
                0x00000054                __ctors_start = .
 *(.ctors)
                0x00000054                __ctors_end = .
                0x00000054                __dtors_start = .
 *(.dtors)
                0x00000054                __dtors_end = .
 SORT(*)(.ctors)
 SORT(*)(.dtors)
 *(.init0)
 .init0         0x00000054        0x0 C:/Program Files (x86)/Atmel/Studio/7.0/Packs/atmel/ATmega_DFP/1.7.374/gcc/dev/atmega32/avr5/crtatmega32.o
                0x00000054                __init
 *(.init0)
 *(.init1)
 *(.init1)
 *(.init2)
 .init2         0x00000054        0xc C:/Program Files (x86)/Atmel/Studio/7.0/Packs/atmel/ATmega_DFP/1.7.374/gcc/dev/atmega32/avr5/crtatmega32.o
 *(.init2)
 *(.init3)
 *(.init3)
 *(.init4)
 .init4         0x00000060       0x10 c:/program files (x86)/atmel/studio/7.0/toolchain/avr8/avr8-gnu-toolchain/bin/../lib/gcc/avr/5.4.0/avr5\libgcc.a(_clear_bss.o)
                0x00000060                __do_clear_bss
 *(.init4)
 *(.init5)
 *(.init5)
 *(.init6)
 *(.init6)
 *(.init7)
 *(.init7)
 *(.init8)
 *(.init8)
 *(.init9)
 .init9         0x00000070        0x8 C:/Program Files (x86)/Atmel/Studio/7.0/Packs/atmel/ATmega_DFP/1.7.374/gcc/dev/atmega32/avr5/crtatmega32.o
 *(.init9)
 *(.text)
 .text          0x00000078        0x4 C:/Program Files (x86)/Atmel/Studio/7.0/Packs/atmel/ATmega_DFP/1.7.374/gcc/dev/atmega32/avr5/crtatmega32.o
                0x00000078                __vector_12
                0x00000078                __bad_interrupt
                0x00000078                __vector_6
                0x00000078                __vector_3
                0x00000078                __vector_11
                0x00000078                __vector_13
                0x00000078                __vector_17
                0x00000078                __vector_19
                0x00000078                __vector_7
                0x00000078                __vector_5
                0x00000078                __vector_4
                0x00000078                __vector_9
                0x00000078                __vector_2
                0x00000078                __vector_15
                0x00000078                __vector_8
                0x00000078                __vector_14
                0x00000078                __vector_10
                0x00000078                __vector_16
                0x00000078                __vector_18
                0x00000078                __vector_20
                0x0000007c                . = ALIGN (0x2)
 *(.text.*)
 .text.APP_INIT
                0x0000007c       0x1a APPLICATION/Application.o
                0x0000007c                APP_INIT
 .text.NORMAL_MODE
                0x00000096       0xda APPLICATION/Application.o
                0x00000096                NORMAL_MODE
 .text.CLOSE_MODE
                0x00000170       0x94 APPLICATION/Application.o
                0x00000170                CLOSE_MODE
 .text.Mode_1   0x00000204       0x2c APPLICATION/Application.o
                0x00000204                Mode_1
 .text.Mode_2   0x00000230       0xa4 APPLICATION/Application.o
                0x00000230                Mode_2
 .text.PEDESTRIAN_MODE
                0x000002d4       0x18 APPLICATION/Application.o
                0x000002d4                PEDESTRIAN_MODE
 .text.APP_START
                0x000002ec        0x6 APPLICATION/Application.o
                0x000002ec                APP_START
 .text.BUTTON_Init
                0x000002f2        0xc HAL/Button/Button.o
                0x000002f2                BUTTON_Init
 .text.Car_red_led
                0x000002fe       0x30 HAL/LED/LED.o
                0x000002fe                Car_red_led
 .text.Car_green_led
                0x0000032e       0x30 HAL/LED/LED.o
                0x0000032e                Car_green_led
 .text.Car_yellow_led
                0x0000035e       0x30 HAL/LED/LED.o
                0x0000035e                Car_yellow_led
 .text.Pedestrian_red_led
                0x0000038e       0x32 HAL/LED/LED.o
                0x0000038e                Pedestrian_red_led
 .text.Pedestrian_green_led
                0x000003c0       0x32 HAL/LED/LED.o
                0x000003c0                Pedestrian_green_led
 .text.Pedestrian_yellow_led
                0x000003f2       0x32 HAL/LED/LED.o
                0x000003f2                Pedestrian_yellow_led
 .text.main     0x00000424        0xa main.o
                0x00000424                main
 .text.DIO_u8SetPinDirection
                0x0000042e       0xe8 MCAL/DIO/DIO_Program.o
                0x0000042e                DIO_u8SetPinDirection
 .text.DIO_u8SetPinValue
                0x00000516      0x106 MCAL/DIO/DIO_Program.o
                0x00000516                DIO_u8SetPinValue
 .text.EXTI_voidINT0Init
                0x0000061c       0x14 MCAL/EXTI/EXTI_Program.o
                0x0000061c                EXTI_voidINT0Init
 .text.EXTI_u8INT0SetCallBack
                0x00000630       0x14 MCAL/EXTI/EXTI_Program.o
                0x00000630                EXTI_u8INT0SetCallBack
 .text.__vector_1
                0x00000644       0x52 MCAL/EXTI/EXTI_Program.o
                0x00000644                __vector_1
 .text.GIE_voidEnable
                0x00000696        0x8 MCAL/GIE/GIE_Program.o
                0x00000696                GIE_voidEnable
 .text.Timer_Init
                0x0000069e       0x22 MCAL/TIMER/TIMER.o
                0x0000069e                Timer_Init
 .text.Timer_delay
                0x000006c0       0x40 MCAL/TIMER/TIMER.o
                0x000006c0                Timer_delay
                0x00000700                . = ALIGN (0x2)
 *(.fini9)
 .fini9         0x00000700        0x0 c:/program files (x86)/atmel/studio/7.0/toolchain/avr8/avr8-gnu-toolchain/bin/../lib/gcc/avr/5.4.0/avr5\libgcc.a(_exit.o)
                0x00000700                _exit
                0x00000700                exit
 *(.fini9)
 *(.fini8)
 *(.fini8)
 *(.fini7)
 *(.fini7)
 *(.fini6)
 *(.fini6)
 *(.fini5)
 *(.fini5)
 *(.fini4)
 *(.fini4)
 *(.fini3)
 *(.fini3)
 *(.fini2)
 *(.fini2)
 *(.fini1)
 *(.fini1)
 *(.fini0)
 .fini0         0x00000700        0x4 c:/program files (x86)/atmel/studio/7.0/toolchain/avr8/avr8-gnu-toolchain/bin/../lib/gcc/avr/5.4.0/avr5\libgcc.a(_exit.o)
 *(.fini0)
                0x00000704                _etext = .

.data           0x00800060        0x0 load address 0x00000704
                [!provide]                PROVIDE (__data_start, .)
 *(.data)
 *(.data*)
 *(.gnu.linkonce.d*)
 *(.rodata)
 *(.rodata*)
 *(.gnu.linkonce.r*)
                0x00800060                . = ALIGN (0x2)
                0x00800060                _edata = .
                [!provide]                PROVIDE (__data_end, .)

.bss            0x00800060        0x3
                0x00800060                PROVIDE (__bss_start, .)
 *(.bss)
 *(.bss*)
 .bss.Global_mode_flag
                0x00800060        0x1 APPLICATION/Application.o
                0x00800060                Global_mode_flag
 .bss.EXTI_pvINT0Func
                0x00800061        0x2 MCAL/EXTI/EXTI_Program.o
 *(COMMON)
                0x00800063                PROVIDE (__bss_end, .)
                0x00000704                __data_load_start = LOADADDR (.data)
                0x00000704                __data_load_end = (__data_load_start + SIZEOF (.data))

.noinit         0x00800063        0x0
                [!provide]                PROVIDE (__noinit_start, .)
 *(.noinit*)
                [!provide]                PROVIDE (__noinit_end, .)
                0x00800063                _end = .
                [!provide]                PROVIDE (__heap_start, .)

.eeprom         0x00810000        0x0
 *(.eeprom*)
                0x00810000                __eeprom_end = .

.fuse
 *(.fuse)
 *(.lfuse)
 *(.hfuse)
 *(.efuse)

.lock
 *(.lock*)

.signature
 *(.signature*)

.user_signatures
 *(.user_signatures*)

.stab
 *(.stab)

.stabstr
 *(.stabstr)

.stab.excl
 *(.stab.excl)

.stab.exclstr
 *(.stab.exclstr)

.stab.index
 *(.stab.index)

.stab.indexstr
 *(.stab.indexstr)

.comment        0x00000000       0x30
 *(.comment)
 .comment       0x00000000       0x30 APPLICATION/Application.o
                                 0x31 (size before relaxing)
 .comment       0x00000030       0x31 HAL/Button/Button.o
 .comment       0x00000030       0x31 HAL/LED/LED.o
 .comment       0x00000030       0x31 main.o
 .comment       0x00000030       0x31 MCAL/DIO/DIO_Program.o
 .comment       0x00000030       0x31 MCAL/EXTI/EXTI_Program.o
 .comment       0x00000030       0x31 MCAL/GIE/GIE_Program.o
 .comment       0x00000030       0x31 MCAL/TIMER/TIMER.o

.note.gnu.avr.deviceinfo
                0x00000000       0x3c
 .note.gnu.avr.deviceinfo
                0x00000000       0x3c C:/Program Files (x86)/Atmel/Studio/7.0/Packs/atmel/ATmega_DFP/1.7.374/gcc/dev/atmega32/avr5/crtatmega32.o

.note.gnu.build-id
 *(.note.gnu.build-id)

.debug
 *(.debug)

.line
 *(.line)

.debug_srcinfo
 *(.debug_srcinfo)

.debug_sfnames
 *(.debug_sfnames)

.debug_aranges  0x00000000      0x1a0
 *(.debug_aranges)
 .debug_aranges
                0x00000000       0x50 APPLICATION/Application.o
 .debug_aranges
                0x00000050       0x28 HAL/Button/Button.o
 .debug_aranges
                0x00000078       0x48 HAL/LED/LED.o
 .debug_aranges
                0x000000c0       0x20 main.o
 .debug_aranges
                0x000000e0       0x40 MCAL/DIO/DIO_Program.o
 .debug_aranges
                0x00000120       0x30 MCAL/EXTI/EXTI_Program.o
 .debug_aranges
                0x00000150       0x28 MCAL/GIE/GIE_Program.o
 .debug_aranges
                0x00000178       0x28 MCAL/TIMER/TIMER.o

.debug_pubnames
 *(.debug_pubnames)

.debug_info     0x00000000     0x183e
 *(.debug_info .gnu.linkonce.wi.*)
 .debug_info    0x00000000      0x4e6 C:/Program Files (x86)/Atmel/Studio/7.0/Packs/atmel/ATmega_DFP/1.7.374/gcc/dev/atmega32/avr5/crtatmega32.o
 .debug_info    0x000004e6      0x976 APPLICATION/Application.o
 .debug_info    0x00000e5c      0x109 HAL/Button/Button.o
 .debug_info    0x00000f65      0x3d1 HAL/LED/LED.o
 .debug_info    0x00001336       0xb5 main.o
 .debug_info    0x000013eb      0x207 MCAL/DIO/DIO_Program.o
 .debug_info    0x000015f2       0xee MCAL/EXTI/EXTI_Program.o
 .debug_info    0x000016e0       0x98 MCAL/GIE/GIE_Program.o
 .debug_info    0x00001778       0xc6 MCAL/TIMER/TIMER.o

.debug_abbrev   0x00000000      0x913
 *(.debug_abbrev)
 .debug_abbrev  0x00000000      0x4a3 C:/Program Files (x86)/Atmel/Studio/7.0/Packs/atmel/ATmega_DFP/1.7.374/gcc/dev/atmega32/avr5/crtatmega32.o
 .debug_abbrev  0x000004a3       0xd7 APPLICATION/Application.o
 .debug_abbrev  0x0000057a       0x82 HAL/Button/Button.o
 .debug_abbrev  0x000005fc       0xa7 HAL/LED/LED.o
 .debug_abbrev  0x000006a3       0x68 main.o
 .debug_abbrev  0x0000070b       0x8f MCAL/DIO/DIO_Program.o
 .debug_abbrev  0x0000079a       0xb7 MCAL/EXTI/EXTI_Program.o
 .debug_abbrev  0x00000851       0x46 MCAL/GIE/GIE_Program.o
 .debug_abbrev  0x00000897       0x7c MCAL/TIMER/TIMER.o

.debug_line     0x00000000      0xc82
 *(.debug_line .debug_line.* .debug_line_end)
 .debug_line    0x00000000      0x116 C:/Program Files (x86)/Atmel/Studio/7.0/Packs/atmel/ATmega_DFP/1.7.374/gcc/dev/atmega32/avr5/crtatmega32.o
 .debug_line    0x00000116      0x39b APPLICATION/Application.o
 .debug_line    0x000004b1       0xb9 HAL/Button/Button.o
 .debug_line    0x0000056a      0x1bc HAL/LED/LED.o
 .debug_line    0x00000726       0x6b main.o
 .debug_line    0x00000791      0x28a MCAL/DIO/DIO_Program.o
 .debug_line    0x00000a1b       0xd5 MCAL/EXTI/EXTI_Program.o
 .debug_line    0x00000af0       0x8a MCAL/GIE/GIE_Program.o
 .debug_line    0x00000b7a      0x108 MCAL/TIMER/TIMER.o

.debug_frame    0x00000000      0x2c8
 *(.debug_frame)
 .debug_frame   0x00000000       0x8c APPLICATION/Application.o
 .debug_frame   0x0000008c       0x34 HAL/Button/Button.o
 .debug_frame   0x000000c0       0x8c HAL/LED/LED.o
 .debug_frame   0x0000014c       0x24 main.o
 .debug_frame   0x00000170       0x64 MCAL/DIO/DIO_Program.o
 .debug_frame   0x000001d4       0x8c MCAL/EXTI/EXTI_Program.o
 .debug_frame   0x00000260       0x34 MCAL/GIE/GIE_Program.o
 .debug_frame   0x00000294       0x34 MCAL/TIMER/TIMER.o

.debug_str      0x00000000      0x649
 *(.debug_str)
 .debug_str     0x00000000      0x196 C:/Program Files (x86)/Atmel/Studio/7.0/Packs/atmel/ATmega_DFP/1.7.374/gcc/dev/atmega32/avr5/crtatmega32.o
 .debug_str     0x00000196      0x2ca APPLICATION/Application.o
                                0x2d6 (size before relaxing)
 .debug_str     0x00000460       0x55 HAL/Button/Button.o
                                0x1f7 (size before relaxing)
 .debug_str     0x000004b5       0x2e HAL/LED/LED.o
                                0x241 (size before relaxing)
 .debug_str     0x000004e3       0x11 main.o
                                0x1ba (size before relaxing)
 .debug_str     0x000004f4       0x9a MCAL/DIO/DIO_Program.o
                                0x26a (size before relaxing)
 .debug_str     0x0000058e       0x5b MCAL/EXTI/EXTI_Program.o
                                0x21a (size before relaxing)
 .debug_str     0x000005e9       0x2a MCAL/GIE/GIE_Program.o
                                0x1cf (size before relaxing)
 .debug_str     0x00000613       0x36 MCAL/TIMER/TIMER.o
                                0x1eb (size before relaxing)

.debug_loc      0x00000000      0x6cc
 *(.debug_loc)
 .debug_loc     0x00000000       0x22 APPLICATION/Application.o
 .debug_loc     0x00000022      0x198 HAL/LED/LED.o
 .debug_loc     0x000001ba      0x33b MCAL/DIO/DIO_Program.o
 .debug_loc     0x000004f5      0x12f MCAL/EXTI/EXTI_Program.o
 .debug_loc     0x00000624       0xa8 MCAL/TIMER/TIMER.o

.debug_macinfo
 *(.debug_macinfo)

.debug_weaknames
 *(.debug_weaknames)

.debug_funcnames
 *(.debug_funcnames)

.debug_typenames
 *(.debug_typenames)

.debug_varnames
 *(.debug_varnames)

.debug_pubtypes
 *(.debug_pubtypes)

.debug_ranges   0x00000000      0x120
 *(.debug_ranges)
 .debug_ranges  0x00000000       0x40 APPLICATION/Application.o
 .debug_ranges  0x00000040       0x18 HAL/Button/Button.o
 .debug_ranges  0x00000058       0x38 HAL/LED/LED.o
 .debug_ranges  0x00000090       0x10 main.o
 .debug_ranges  0x000000a0       0x30 MCAL/DIO/DIO_Program.o
 .debug_ranges  0x000000d0       0x20 MCAL/EXTI/EXTI_Program.o
 .debug_ranges  0x000000f0       0x18 MCAL/GIE/GIE_Program.o
 .debug_ranges  0x00000108       0x18 MCAL/TIMER/TIMER.o

.debug_macro
 *(.debug_macro)
OUTPUT(Traffic_light_project.elf elf32-avr)
LOAD linker stubs
